
> splitplan@0.0.0 build
> vite build

[36mvite v7.3.0 [32mbuilding client environment for production...[36m[39m
transforming...
[32mÔ£ô[39m 29 modules transformed.
node.exe : [31mÔ£ù[39m Build failed in 1.41s
In C:\Program Files\nodejs\npm.ps1:29 car:3
+   & $NODE_EXE $NPM_CLI_JS $args
+   ~~~~~~~~~~~~~~~~~~~~~~~~~~~~~
    + CategoryInfo          : NotSpecified: ([31mÔ£ù[39m Build failed in 1.41s:String) [], RemoteException
    + FullyQualifiedErrorId : NativeCommandError
 
[31merror during build:
[31m[vite-plugin-pwa:build] [plugin vite-plugin-pwa:build] src/pages/Dashboard.jsx (493:17): There was an error 
during the build:
  Transform failed with 1 error:
C:/Users/domen/Desktop/splitplan - Alessio Ufficiale - Copia/src/pages/Dashboard.jsx:493:17: ERROR: Expected ")" but 
found "}"
Additionally, handling the error in the 'buildEnd' hook caused the following error:
  Transform failed with 1 error:
C:/Users/domen/Desktop/splitplan - Alessio Ufficiale - Copia/src/pages/Dashboard.jsx:493:17: ERROR: Expected ")" but 
found "}"[31m
file: [36mC:/Users/domen/Desktop/splitplan - Alessio Ufficiale - Copia/src/pages/Dashboard.jsx:493:17[31m
[33m
[33mExpected ")" but found "}"[33m
491 |                          )}
492 |                      </>
493 |                  )}
    |                   ^
494 |  
495 |              {view === 'CHAT' && (
[31m
    at getRollupError (file:///C:/Users/domen/Desktop/splitplan%20-%20Alessio%20Ufficiale%20-%20Copia/node_modules/roll
up/dist/es/shared/parseAst.js:401:41)
    at file:///C:/Users/domen/Desktop/splitplan%20-%20Alessio%20Ufficiale%20-%20Copia/node_modules/rollup/dist/es/share
d/node-entry.js:23418:39
    at process.processTicksAndRejections (node:internal/process/task_queues:105:5)
    at async catchUnfinishedHookActions (file:///C:/Users/domen/Desktop/splitplan%20-%20Alessio%20Ufficiale%20-%20Copia
/node_modules/rollup/dist/es/shared/node-entry.js:22876:16)
    at async rollupInternal (file:///C:/Users/domen/Desktop/splitplan%20-%20Alessio%20Ufficiale%20-%20Copia/node_module
s/rollup/dist/es/shared/node-entry.js:23401:5)
    at async buildEnvironment (file:///C:/Users/domen/Desktop/splitplan%20-%20Alessio%20Ufficiale%20-%20Copia/node_modu
les/vite/dist/node/chunks/config.js:33540:12)
    at async Object.build (file:///C:/Users/domen/Desktop/splitplan%20-%20Alessio%20Ufficiale%20-%20Copia/node_modules/
vite/dist/node/chunks/config.js:33899:19)
    at async Object.buildApp (file:///C:/Users/domen/Desktop/splitplan%20-%20Alessio%20Ufficiale%20-%20Copia/node_modul
es/vite/dist/node/chunks/config.js:33896:153)
    at async CAC.<anonymous> (file:///C:/Users/domen/Desktop/splitplan%20-%20Alessio%20Ufficiale%20-%20Copia/node_modul
es/vite/dist/node/cli.js:629:3)[39m
